Release 14.7 - xst P.20131013 (nt64)
Copyright (c) 1995-2013 Xilinx, Inc.  All rights reserved.
--> Parameter TMPDIR set to xst/projnav.tmp


Total REAL time to Xst completion: 0.00 secs
Total CPU time to Xst completion: 0.24 secs
 
--> Parameter xsthdpdir set to xst


Total REAL time to Xst completion: 0.00 secs
Total CPU time to Xst completion: 0.24 secs
 
--> Reading design: main.prj

TABLE OF CONTENTS
  1) Synthesis Options Summary
  2) HDL Parsing
  3) HDL Elaboration
  4) HDL Synthesis
       4.1) HDL Synthesis Report
  5) Advanced HDL Synthesis
       5.1) Advanced HDL Synthesis Report
  6) Low Level Synthesis
  7) Partition Report
  8) Design Summary
       8.1) Primitive and Black Box Usage
       8.2) Device utilization summary
       8.3) Partition Resource Summary
       8.4) Timing Report
            8.4.1) Clock Information
            8.4.2) Asynchronous Control Signals Information
            8.4.3) Timing Summary
            8.4.4) Timing Details
            8.4.5) Cross Clock Domains Report


=========================================================================
*                      Synthesis Options Summary                        *
=========================================================================
---- Source Parameters
Input File Name                    : "main.prj"
Ignore Synthesis Constraint File   : NO

---- Target Parameters
Output File Name                   : "main"
Output Format                      : NGC
Target Device                      : xc6slx16-3-csg324

---- Source Options
Top Module Name                    : main
Automatic FSM Extraction           : YES
FSM Encoding Algorithm             : Auto
Safe Implementation                : No
FSM Style                          : LUT
RAM Extraction                     : Yes
RAM Style                          : Auto
ROM Extraction                     : Yes
Shift Register Extraction          : YES
ROM Style                          : Auto
Resource Sharing                   : YES
Asynchronous To Synchronous        : NO
Shift Register Minimum Size        : 2
Use DSP Block                      : Auto
Automatic Register Balancing       : No

---- Target Options
LUT Combining                      : Auto
Reduce Control Sets                : Auto
Add IO Buffers                     : YES
Global Maximum Fanout              : 100000
Add Generic Clock Buffer(BUFG)     : 16
Register Duplication               : YES
Optimize Instantiated Primitives   : NO
Use Clock Enable                   : Auto
Use Synchronous Set                : Auto
Use Synchronous Reset              : Auto
Pack IO Registers into IOBs        : Auto
Equivalent register Removal        : YES

---- General Options
Optimization Goal                  : Speed
Optimization Effort                : 1
Power Reduction                    : NO
Keep Hierarchy                     : No
Netlist Hierarchy                  : As_Optimized
RTL Output                         : Yes
Global Optimization                : AllClockNets
Read Cores                         : YES
Write Timing Constraints           : NO
Cross Clock Analysis               : NO
Hierarchy Separator                : /
Bus Delimiter                      : <>
Case Specifier                     : Maintain
Slice Utilization Ratio            : 100
BRAM Utilization Ratio             : 100
DSP48 Utilization Ratio            : 100
Auto BRAM Packing                  : NO
Slice Utilization Ratio Delta      : 5

=========================================================================


=========================================================================
*                          HDL Parsing                                  *
=========================================================================
Analyzing Verilog file "D:\FPGA\P4-TD\Proyecto4\RegPC.v" into library work
Parsing module <RegPC>.
Analyzing Verilog file "D:\FPGA\P4-TD\Proyecto4\RegMemoria.v" into library work
Parsing module <RegMemoria>.
Analyzing Verilog file "D:\FPGA\P4-TD\Proyecto4\RegInstruccion.v" into library work
Parsing module <RegInstruccion>.
Analyzing Verilog file "D:\FPGA\P4-TD\Proyecto4\RegB.v" into library work
Parsing module <RegB>.
Analyzing Verilog file "D:\FPGA\P4-TD\Proyecto4\RegALU.v" into library work
Parsing module <RegALU>.
Analyzing Verilog file "D:\FPGA\P4-TD\Proyecto4\RegAB.v" into library work
Parsing module <RegA>.
Analyzing Verilog file "D:\FPGA\P4-TD\Proyecto4\Mux_Sel_PC.v" into library work
Parsing module <Mux_Sel_PC>.
Analyzing Verilog file "D:\FPGA\P4-TD\Proyecto4\Mux_Sel_Dir.v" into library work
Parsing module <Mux_Sel_Dir>.
Analyzing Verilog file "D:\FPGA\P4-TD\Proyecto4\Mux_Sel_Dest.v" into library work
Parsing module <Mux_Sel_Dest>.
Analyzing Verilog file "D:\FPGA\P4-TD\Proyecto4\Mux_Sel_Dat.v" into library work
Parsing module <Mux_Sel_Dat>.
Analyzing Verilog file "D:\FPGA\P4-TD\Proyecto4\Mux_OperB.v" into library work
Parsing module <Mux_OperB>.
Analyzing Verilog file "D:\FPGA\P4-TD\Proyecto4\Mux_OperA.v" into library work
Parsing module <Mux_OperA>.
Analyzing Verilog file "D:\FPGA\P4-TD\Proyecto4\ExtensionSigno.v" into library work
Parsing module <ExtensionSigno>.
Analyzing Verilog file "D:\FPGA\P4-TD\Proyecto4\ExtensionCero.v" into library work
Parsing module <ExtensionCero>.
Analyzing Verilog file "D:\FPGA\P4-TD\Proyecto4\Desplazamiento_pc.v" into library work
Parsing module <Desplazamiento_jumpAddress>.
Analyzing Verilog file "D:\FPGA\P4-TD\Proyecto4\Desplazamiento_imm.v" into library work
Parsing module <Desplazamiento_imm>.
Analyzing Verilog file "D:\FPGA\P4-TD\Proyecto4\Concatenacion.v" into library work
Parsing module <Concatenacion>.
Analyzing Verilog file "D:\FPGA\P4-TD\Proyecto4\BancoRegistros.v" into library work
Parsing module <BancoRegistros>.
Analyzing Verilog file "D:\FPGA\P4-TD\Proyecto4\alu.v" into library work
Parsing module <alu>.
Analyzing Verilog file "D:\FPGA\P4-TD\Proyecto4\MIPS.v" into library work
Parsing module <MIPS>.
Analyzing Verilog file "D:\FPGA\P4-TD\Proyecto4\Memoria.v" into library work
Parsing module <Memoria>.
Analyzing Verilog file "D:\FPGA\P4-TD\Proyecto4\main.v" into library work
Parsing module <main>.

=========================================================================
*                            HDL Elaboration                            *
=========================================================================

Elaborating module <main>.

Elaborating module <MIPS>.

Elaborating module <RegPC>.

Elaborating module <Mux_Sel_Dir>.

Elaborating module <RegInstruccion>.
WARNING:HDLCompiler:1127 - "D:\FPGA\P4-TD\Proyecto4\MIPS.v" Line 102: Assignment to opcode ignored, since the identifier is never used
WARNING:HDLCompiler:1127 - "D:\FPGA\P4-TD\Proyecto4\MIPS.v" Line 103: Assignment to funct ignored, since the identifier is never used

Elaborating module <Mux_Sel_PC>.

Elaborating module <Mux_OperA>.

Elaborating module <Mux_OperB>.

Elaborating module <alu>.
WARNING:HDLCompiler:1127 - "D:\FPGA\P4-TD\Proyecto4\MIPS.v" Line 137: Assignment to carry_alu ignored, since the identifier is never used
WARNING:HDLCompiler:1127 - "D:\FPGA\P4-TD\Proyecto4\MIPS.v" Line 138: Assignment to zero_alu ignored, since the identifier is never used
WARNING:HDLCompiler:1127 - "D:\FPGA\P4-TD\Proyecto4\MIPS.v" Line 139: Assignment to negative_alu ignored, since the identifier is never used

Elaborating module <Mux_Sel_Dest>.

Elaborating module <ExtensionCero>.
WARNING:HDLCompiler:1127 - "D:\FPGA\P4-TD\Proyecto4\MIPS.v" Line 153: Assignment to extCero_out ignored, since the identifier is never used

Elaborating module <ExtensionSigno>.

Elaborating module <RegA>.

Elaborating module <RegB>.

Elaborating module <Desplazamiento_imm>.

Elaborating module <Desplazamiento_jumpAddress>.
WARNING:HDLCompiler:189 - "D:\FPGA\P4-TD\Proyecto4\MIPS.v" Line 180: Size mismatch in connection of port <output_jump>. Formal port size is 28-bit while actual signal size is 32-bit.

Elaborating module <Concatenacion>.
WARNING:HDLCompiler:189 - "D:\FPGA\P4-TD\Proyecto4\MIPS.v" Line 184: Size mismatch in connection of port <output_jump>. Formal port size is 28-bit while actual signal size is 32-bit.

Elaborating module <BancoRegistros>.

Elaborating module <RegALU>.

Elaborating module <RegMemoria>.
WARNING:HDLCompiler:189 - "D:\FPGA\P4-TD\Proyecto4\MIPS.v" Line 212: Size mismatch in connection of port <data_output>. Formal port size is 32-bit while actual signal size is 1-bit.

Elaborating module <Mux_Sel_Dat>.
WARNING:HDLCompiler:189 - "D:\FPGA\P4-TD\Proyecto4\MIPS.v" Line 218: Size mismatch in connection of port <output_reg_mem>. Formal port size is 32-bit while actual signal size is 1-bit.
"D:\FPGA\P4-TD\Proyecto4\MIPS.v" Line 237. $display 0
"D:\FPGA\P4-TD\Proyecto4\MIPS.v" Line 255. $display 1
"D:\FPGA\P4-TD\Proyecto4\MIPS.v" Line 262. $display 2
"D:\FPGA\P4-TD\Proyecto4\MIPS.v" Line 268. $display 3
"D:\FPGA\P4-TD\Proyecto4\MIPS.v" Line 274. $display 4

Elaborating module <Memoria>.
WARNING:HDLCompiler:413 - "D:\FPGA\P4-TD\Proyecto4\Memoria.v" Line 48: Result of 30-bit expression is truncated to fit in 6-bit target.
WARNING:HDLCompiler:413 - "D:\FPGA\P4-TD\Proyecto4\Memoria.v" Line 55: Result of 30-bit expression is truncated to fit in 6-bit target.
WARNING:Xst:2972 - "D:\FPGA\P4-TD\Proyecto4\MIPS.v" line 151. All outputs of instance <extCeero> of block <ExtensionCero> are unconnected in block <MIPS>. Underlying logic will be removed.
WARNING:Xst:2972 - "D:\FPGA\P4-TD\Proyecto4\main.v" line 33. All outputs of instance <micro> of block <MIPS> are unconnected in block <main>. Underlying logic will be removed.
WARNING:Xst:2972 - "D:\FPGA\P4-TD\Proyecto4\main.v" line 43. All outputs of instance <mem> of block <Memoria> are unconnected in block <main>. Underlying logic will be removed.

=========================================================================
*                           HDL Synthesis                               *
=========================================================================

Synthesizing Unit <main>.
    Related source file is "D:\FPGA\P4-TD\Proyecto4\main.v".
    Summary:
	no macro.
Unit <main> synthesized.

Synthesizing Unit <RegPC>.
    Related source file is "D:\FPGA\P4-TD\Proyecto4\RegPC.v".
    Found 1-bit register for signal <pc_reg<31>>.
    Found 1-bit register for signal <pc_reg<30>>.
    Found 1-bit register for signal <pc_reg<29>>.
    Found 1-bit register for signal <pc_reg<28>>.
    Found 1-bit register for signal <pc_reg<27>>.
    Found 1-bit register for signal <pc_reg<26>>.
    Found 1-bit register for signal <pc_reg<25>>.
    Found 1-bit register for signal <pc_reg<24>>.
    Found 1-bit register for signal <pc_reg<23>>.
    Found 1-bit register for signal <pc_reg<22>>.
    Found 1-bit register for signal <pc_reg<21>>.
    Found 1-bit register for signal <pc_reg<20>>.
    Found 1-bit register for signal <pc_reg<19>>.
    Found 1-bit register for signal <pc_reg<18>>.
    Found 1-bit register for signal <pc_reg<17>>.
    Found 1-bit register for signal <pc_reg<16>>.
    Found 1-bit register for signal <pc_reg<15>>.
    Found 1-bit register for signal <pc_reg<14>>.
    Found 1-bit register for signal <pc_reg<13>>.
    Found 1-bit register for signal <pc_reg<12>>.
    Found 1-bit register for signal <pc_reg<11>>.
    Found 1-bit register for signal <pc_reg<10>>.
    Found 1-bit register for signal <pc_reg<9>>.
    Found 1-bit register for signal <pc_reg<8>>.
    Found 1-bit register for signal <pc_reg<7>>.
    Found 1-bit register for signal <pc_reg<6>>.
    Found 1-bit register for signal <pc_reg<5>>.
    Found 1-bit register for signal <pc_reg<4>>.
    Found 1-bit register for signal <pc_reg<3>>.
    Found 1-bit register for signal <pc_reg<2>>.
    Found 1-bit register for signal <pc_reg<1>>.
    Found 1-bit register for signal <pc_reg<0>>.
    Summary:
	inferred  32 D-type flip-flop(s).
Unit <RegPC> synthesized.

Synthesizing Unit <Mux_Sel_Dir>.
    Related source file is "D:\FPGA\P4-TD\Proyecto4\Mux_Sel_Dir.v".
    Summary:
	no macro.
Unit <Mux_Sel_Dir> synthesized.

Synthesizing Unit <RegInstruccion>.
    Related source file is "D:\FPGA\P4-TD\Proyecto4\RegInstruccion.v".
    Found 1-bit register for signal <opcode_reg<5>>.
    Found 1-bit register for signal <opcode_reg<4>>.
    Found 1-bit register for signal <opcode_reg<3>>.
    Found 1-bit register for signal <opcode_reg<2>>.
    Found 1-bit register for signal <opcode_reg<1>>.
    Found 1-bit register for signal <opcode_reg<0>>.
    Found 1-bit register for signal <jumpAddress_reg<25>>.
    Found 1-bit register for signal <jumpAddress_reg<24>>.
    Found 1-bit register for signal <jumpAddress_reg<23>>.
    Found 1-bit register for signal <jumpAddress_reg<22>>.
    Found 1-bit register for signal <jumpAddress_reg<21>>.
    Found 1-bit register for signal <jumpAddress_reg<20>>.
    Found 1-bit register for signal <jumpAddress_reg<19>>.
    Found 1-bit register for signal <jumpAddress_reg<18>>.
    Found 1-bit register for signal <jumpAddress_reg<17>>.
    Found 1-bit register for signal <jumpAddress_reg<16>>.
    Found 1-bit register for signal <jumpAddress_reg<15>>.
    Found 1-bit register for signal <jumpAddress_reg<14>>.
    Found 1-bit register for signal <jumpAddress_reg<13>>.
    Found 1-bit register for signal <jumpAddress_reg<12>>.
    Found 1-bit register for signal <jumpAddress_reg<11>>.
    Found 1-bit register for signal <jumpAddress_reg<10>>.
    Found 1-bit register for signal <jumpAddress_reg<9>>.
    Found 1-bit register for signal <jumpAddress_reg<8>>.
    Found 1-bit register for signal <jumpAddress_reg<7>>.
    Found 1-bit register for signal <jumpAddress_reg<6>>.
    Found 1-bit register for signal <jumpAddress_reg<5>>.
    Found 1-bit register for signal <jumpAddress_reg<4>>.
    Found 1-bit register for signal <jumpAddress_reg<3>>.
    Found 1-bit register for signal <jumpAddress_reg<2>>.
    Found 1-bit register for signal <jumpAddress_reg<1>>.
    Found 1-bit register for signal <jumpAddress_reg<0>>.
    Found 1-bit register for signal <funct_reg<5>>.
    Found 1-bit register for signal <funct_reg<4>>.
    Found 1-bit register for signal <funct_reg<3>>.
    Found 1-bit register for signal <funct_reg<2>>.
    Found 1-bit register for signal <funct_reg<1>>.
    Found 1-bit register for signal <funct_reg<0>>.
    Found 1-bit register for signal <rs_reg<4>>.
    Found 1-bit register for signal <rs_reg<3>>.
    Found 1-bit register for signal <rs_reg<2>>.
    Found 1-bit register for signal <rs_reg<1>>.
    Found 1-bit register for signal <rs_reg<0>>.
    Found 1-bit register for signal <rt_reg<4>>.
    Found 1-bit register for signal <rt_reg<3>>.
    Found 1-bit register for signal <rt_reg<2>>.
    Found 1-bit register for signal <rt_reg<1>>.
    Found 1-bit register for signal <rt_reg<0>>.
    Found 1-bit register for signal <rd_reg<4>>.
    Found 1-bit register for signal <rd_reg<3>>.
    Found 1-bit register for signal <rd_reg<2>>.
    Found 1-bit register for signal <rd_reg<1>>.
    Found 1-bit register for signal <rd_reg<0>>.
    Found 1-bit register for signal <immediate_reg<15>>.
    Found 1-bit register for signal <immediate_reg<14>>.
    Found 1-bit register for signal <immediate_reg<13>>.
    Found 1-bit register for signal <immediate_reg<12>>.
    Found 1-bit register for signal <immediate_reg<11>>.
    Found 1-bit register for signal <immediate_reg<10>>.
    Found 1-bit register for signal <immediate_reg<9>>.
    Found 1-bit register for signal <immediate_reg<8>>.
    Found 1-bit register for signal <immediate_reg<7>>.
    Found 1-bit register for signal <immediate_reg<6>>.
    Found 1-bit register for signal <immediate_reg<5>>.
    Found 1-bit register for signal <immediate_reg<4>>.
    Found 1-bit register for signal <immediate_reg<3>>.
    Found 1-bit register for signal <immediate_reg<2>>.
    Found 1-bit register for signal <immediate_reg<1>>.
    Found 1-bit register for signal <immediate_reg<0>>.
    Found 1-bit register for signal <type_opcode<1>>.
    Found 1-bit register for signal <type_opcode<0>>.
    Summary:
	inferred  71 D-type flip-flop(s).
Unit <RegInstruccion> synthesized.

Synthesizing Unit <Mux_Sel_PC>.
    Related source file is "D:\FPGA\P4-TD\Proyecto4\Mux_Sel_PC.v".
    Summary:
	no macro.
Unit <Mux_Sel_PC> synthesized.

Synthesizing Unit <Mux_OperA>.
    Related source file is "D:\FPGA\P4-TD\Proyecto4\Mux_OperA.v".
    Summary:
	no macro.
Unit <Mux_OperA> synthesized.

Synthesizing Unit <Mux_OperB>.
    Related source file is "D:\FPGA\P4-TD\Proyecto4\Mux_OperB.v".
    Summary:
	no macro.
Unit <Mux_OperB> synthesized.

Synthesizing Unit <alu>.
    Related source file is "D:\FPGA\P4-TD\Proyecto4\alu.v".
    Summary:
	no macro.
Unit <alu> synthesized.

Synthesizing Unit <Mux_Sel_Dest>.
    Related source file is "D:\FPGA\P4-TD\Proyecto4\Mux_Sel_Dest.v".
    Summary:
	no macro.
Unit <Mux_Sel_Dest> synthesized.

Synthesizing Unit <ExtensionSigno>.
    Related source file is "D:\FPGA\P4-TD\Proyecto4\ExtensionSigno.v".
    Summary:
	no macro.
Unit <ExtensionSigno> synthesized.

Synthesizing Unit <RegA>.
    Related source file is "D:\FPGA\P4-TD\Proyecto4\RegAB.v".
    Found 1-bit register for signal <data_output_reg<31>>.
    Found 1-bit register for signal <data_output_reg<30>>.
    Found 1-bit register for signal <data_output_reg<29>>.
    Found 1-bit register for signal <data_output_reg<28>>.
    Found 1-bit register for signal <data_output_reg<27>>.
    Found 1-bit register for signal <data_output_reg<26>>.
    Found 1-bit register for signal <data_output_reg<25>>.
    Found 1-bit register for signal <data_output_reg<24>>.
    Found 1-bit register for signal <data_output_reg<23>>.
    Found 1-bit register for signal <data_output_reg<22>>.
    Found 1-bit register for signal <data_output_reg<21>>.
    Found 1-bit register for signal <data_output_reg<20>>.
    Found 1-bit register for signal <data_output_reg<19>>.
    Found 1-bit register for signal <data_output_reg<18>>.
    Found 1-bit register for signal <data_output_reg<17>>.
    Found 1-bit register for signal <data_output_reg<16>>.
    Found 1-bit register for signal <data_output_reg<15>>.
    Found 1-bit register for signal <data_output_reg<14>>.
    Found 1-bit register for signal <data_output_reg<13>>.
    Found 1-bit register for signal <data_output_reg<12>>.
    Found 1-bit register for signal <data_output_reg<11>>.
    Found 1-bit register for signal <data_output_reg<10>>.
    Found 1-bit register for signal <data_output_reg<9>>.
    Found 1-bit register for signal <data_output_reg<8>>.
    Found 1-bit register for signal <data_output_reg<7>>.
    Found 1-bit register for signal <data_output_reg<6>>.
    Found 1-bit register for signal <data_output_reg<5>>.
    Found 1-bit register for signal <data_output_reg<4>>.
    Found 1-bit register for signal <data_output_reg<3>>.
    Found 1-bit register for signal <data_output_reg<2>>.
    Found 1-bit register for signal <data_output_reg<1>>.
    Found 1-bit register for signal <data_output_reg<0>>.
    Summary:
	inferred  32 D-type flip-flop(s).
Unit <RegA> synthesized.

Synthesizing Unit <RegB>.
    Related source file is "D:\FPGA\P4-TD\Proyecto4\RegB.v".
    Found 1-bit register for signal <data_output_reg<31>>.
    Found 1-bit register for signal <data_output_reg<30>>.
    Found 1-bit register for signal <data_output_reg<29>>.
    Found 1-bit register for signal <data_output_reg<28>>.
    Found 1-bit register for signal <data_output_reg<27>>.
    Found 1-bit register for signal <data_output_reg<26>>.
    Found 1-bit register for signal <data_output_reg<25>>.
    Found 1-bit register for signal <data_output_reg<24>>.
    Found 1-bit register for signal <data_output_reg<23>>.
    Found 1-bit register for signal <data_output_reg<22>>.
    Found 1-bit register for signal <data_output_reg<21>>.
    Found 1-bit register for signal <data_output_reg<20>>.
    Found 1-bit register for signal <data_output_reg<19>>.
    Found 1-bit register for signal <data_output_reg<18>>.
    Found 1-bit register for signal <data_output_reg<17>>.
    Found 1-bit register for signal <data_output_reg<16>>.
    Found 1-bit register for signal <data_output_reg<15>>.
    Found 1-bit register for signal <data_output_reg<14>>.
    Found 1-bit register for signal <data_output_reg<13>>.
    Found 1-bit register for signal <data_output_reg<12>>.
    Found 1-bit register for signal <data_output_reg<11>>.
    Found 1-bit register for signal <data_output_reg<10>>.
    Found 1-bit register for signal <data_output_reg<9>>.
    Found 1-bit register for signal <data_output_reg<8>>.
    Found 1-bit register for signal <data_output_reg<7>>.
    Found 1-bit register for signal <data_output_reg<6>>.
    Found 1-bit register for signal <data_output_reg<5>>.
    Found 1-bit register for signal <data_output_reg<4>>.
    Found 1-bit register for signal <data_output_reg<3>>.
    Found 1-bit register for signal <data_output_reg<2>>.
    Found 1-bit register for signal <data_output_reg<1>>.
    Found 1-bit register for signal <data_output_reg<0>>.
    Summary:
	inferred  32 D-type flip-flop(s).
Unit <RegB> synthesized.

Synthesizing Unit <Desplazamiento_imm>.
    Related source file is "D:\FPGA\P4-TD\Proyecto4\Desplazamiento_imm.v".
WARNING:Xst:647 - Input <immediate<31:30>> is never used. This port will be preserved and left unconnected if it belongs to a top-level block or it belongs to a sub-block and the hierarchy of this sub-block is preserved.
    Summary:
	no macro.
Unit <Desplazamiento_imm> synthesized.

Synthesizing Unit <Desplazamiento_jumpAddress>.
    Related source file is "D:\FPGA\P4-TD\Proyecto4\Desplazamiento_pc.v".
    Summary:
	no macro.
Unit <Desplazamiento_jumpAddress> synthesized.

Synthesizing Unit <Concatenacion>.
    Related source file is "D:\FPGA\P4-TD\Proyecto4\Concatenacion.v".
WARNING:Xst:647 - Input <PC<27:0>> is never used. This port will be preserved and left unconnected if it belongs to a top-level block or it belongs to a sub-block and the hierarchy of this sub-block is preserved.
    Summary:
	no macro.
Unit <Concatenacion> synthesized.

Synthesizing Unit <BancoRegistros>.
    Related source file is "D:\FPGA\P4-TD\Proyecto4\BancoRegistros.v".
    Found 1-bit register for signal <dob_reg<31>>.
    Found 1-bit register for signal <dob_reg<30>>.
    Found 1-bit register for signal <dob_reg<29>>.
    Found 1-bit register for signal <dob_reg<28>>.
    Found 1-bit register for signal <dob_reg<27>>.
    Found 1-bit register for signal <dob_reg<26>>.
    Found 1-bit register for signal <dob_reg<25>>.
    Found 1-bit register for signal <dob_reg<24>>.
    Found 1-bit register for signal <dob_reg<23>>.
    Found 1-bit register for signal <dob_reg<22>>.
    Found 1-bit register for signal <dob_reg<21>>.
    Found 1-bit register for signal <dob_reg<20>>.
    Found 1-bit register for signal <dob_reg<19>>.
    Found 1-bit register for signal <dob_reg<18>>.
    Found 1-bit register for signal <dob_reg<17>>.
    Found 1-bit register for signal <dob_reg<16>>.
    Found 1-bit register for signal <dob_reg<15>>.
    Found 1-bit register for signal <dob_reg<14>>.
    Found 1-bit register for signal <dob_reg<13>>.
    Found 1-bit register for signal <dob_reg<12>>.
    Found 1-bit register for signal <dob_reg<11>>.
    Found 1-bit register for signal <dob_reg<10>>.
    Found 1-bit register for signal <dob_reg<9>>.
    Found 1-bit register for signal <dob_reg<8>>.
    Found 1-bit register for signal <dob_reg<7>>.
    Found 1-bit register for signal <dob_reg<6>>.
    Found 1-bit register for signal <dob_reg<5>>.
    Found 1-bit register for signal <dob_reg<4>>.
    Found 1-bit register for signal <dob_reg<3>>.
    Found 1-bit register for signal <dob_reg<2>>.
    Found 1-bit register for signal <dob_reg<1>>.
    Found 1-bit register for signal <dob_reg<0>>.
    Found 1-bit register for signal <doa_reg<31>>.
    Found 1-bit register for signal <doa_reg<30>>.
    Found 1-bit register for signal <doa_reg<29>>.
    Found 1-bit register for signal <doa_reg<28>>.
    Found 1-bit register for signal <doa_reg<27>>.
    Found 1-bit register for signal <doa_reg<26>>.
    Found 1-bit register for signal <doa_reg<25>>.
    Found 1-bit register for signal <doa_reg<24>>.
    Found 1-bit register for signal <doa_reg<23>>.
    Found 1-bit register for signal <doa_reg<22>>.
    Found 1-bit register for signal <doa_reg<21>>.
    Found 1-bit register for signal <doa_reg<20>>.
    Found 1-bit register for signal <doa_reg<19>>.
    Found 1-bit register for signal <doa_reg<18>>.
    Found 1-bit register for signal <doa_reg<17>>.
    Found 1-bit register for signal <doa_reg<16>>.
    Found 1-bit register for signal <doa_reg<15>>.
    Found 1-bit register for signal <doa_reg<14>>.
    Found 1-bit register for signal <doa_reg<13>>.
    Found 1-bit register for signal <doa_reg<12>>.
    Found 1-bit register for signal <doa_reg<11>>.
    Found 1-bit register for signal <doa_reg<10>>.
    Found 1-bit register for signal <doa_reg<9>>.
    Found 1-bit register for signal <doa_reg<8>>.
    Found 1-bit register for signal <doa_reg<7>>.
    Found 1-bit register for signal <doa_reg<6>>.
    Found 1-bit register for signal <doa_reg<5>>.
    Found 1-bit register for signal <doa_reg<4>>.
    Found 1-bit register for signal <doa_reg<3>>.
    Found 1-bit register for signal <doa_reg<2>>.
    Found 1-bit register for signal <doa_reg<1>>.
    Found 1-bit register for signal <doa_reg<0>>.
    Summary:
	inferred  64 D-type flip-flop(s).
Unit <BancoRegistros> synthesized.

Synthesizing Unit <RegALU>.
    Related source file is "D:\FPGA\P4-TD\Proyecto4\RegALU.v".
    Found 1-bit register for signal <data_output_reg<31>>.
    Found 1-bit register for signal <data_output_reg<30>>.
    Found 1-bit register for signal <data_output_reg<29>>.
    Found 1-bit register for signal <data_output_reg<28>>.
    Found 1-bit register for signal <data_output_reg<27>>.
    Found 1-bit register for signal <data_output_reg<26>>.
    Found 1-bit register for signal <data_output_reg<25>>.
    Found 1-bit register for signal <data_output_reg<24>>.
    Found 1-bit register for signal <data_output_reg<23>>.
    Found 1-bit register for signal <data_output_reg<22>>.
    Found 1-bit register for signal <data_output_reg<21>>.
    Found 1-bit register for signal <data_output_reg<20>>.
    Found 1-bit register for signal <data_output_reg<19>>.
    Found 1-bit register for signal <data_output_reg<18>>.
    Found 1-bit register for signal <data_output_reg<17>>.
    Found 1-bit register for signal <data_output_reg<16>>.
    Found 1-bit register for signal <data_output_reg<15>>.
    Found 1-bit register for signal <data_output_reg<14>>.
    Found 1-bit register for signal <data_output_reg<13>>.
    Found 1-bit register for signal <data_output_reg<12>>.
    Found 1-bit register for signal <data_output_reg<11>>.
    Found 1-bit register for signal <data_output_reg<10>>.
    Found 1-bit register for signal <data_output_reg<9>>.
    Found 1-bit register for signal <data_output_reg<8>>.
    Found 1-bit register for signal <data_output_reg<7>>.
    Found 1-bit register for signal <data_output_reg<6>>.
    Found 1-bit register for signal <data_output_reg<5>>.
    Found 1-bit register for signal <data_output_reg<4>>.
    Found 1-bit register for signal <data_output_reg<3>>.
    Found 1-bit register for signal <data_output_reg<2>>.
    Found 1-bit register for signal <data_output_reg<1>>.
    Found 1-bit register for signal <data_output_reg<0>>.
    Summary:
	inferred  32 D-type flip-flop(s).
Unit <RegALU> synthesized.

Synthesizing Unit <RegMemoria>.
    Related source file is "D:\FPGA\P4-TD\Proyecto4\RegMemoria.v".
    Found 1-bit register for signal <data_output_reg<31>>.
    Found 1-bit register for signal <data_output_reg<30>>.
    Found 1-bit register for signal <data_output_reg<29>>.
    Found 1-bit register for signal <data_output_reg<28>>.
    Found 1-bit register for signal <data_output_reg<27>>.
    Found 1-bit register for signal <data_output_reg<26>>.
    Found 1-bit register for signal <data_output_reg<25>>.
    Found 1-bit register for signal <data_output_reg<24>>.
    Found 1-bit register for signal <data_output_reg<23>>.
    Found 1-bit register for signal <data_output_reg<22>>.
    Found 1-bit register for signal <data_output_reg<21>>.
    Found 1-bit register for signal <data_output_reg<20>>.
    Found 1-bit register for signal <data_output_reg<19>>.
    Found 1-bit register for signal <data_output_reg<18>>.
    Found 1-bit register for signal <data_output_reg<17>>.
    Found 1-bit register for signal <data_output_reg<16>>.
    Found 1-bit register for signal <data_output_reg<15>>.
    Found 1-bit register for signal <data_output_reg<14>>.
    Found 1-bit register for signal <data_output_reg<13>>.
    Found 1-bit register for signal <data_output_reg<12>>.
    Found 1-bit register for signal <data_output_reg<11>>.
    Found 1-bit register for signal <data_output_reg<10>>.
    Found 1-bit register for signal <data_output_reg<9>>.
    Found 1-bit register for signal <data_output_reg<8>>.
    Found 1-bit register for signal <data_output_reg<7>>.
    Found 1-bit register for signal <data_output_reg<6>>.
    Found 1-bit register for signal <data_output_reg<5>>.
    Found 1-bit register for signal <data_output_reg<4>>.
    Found 1-bit register for signal <data_output_reg<3>>.
    Found 1-bit register for signal <data_output_reg<2>>.
    Found 1-bit register for signal <data_output_reg<1>>.
    Found 1-bit register for signal <data_output_reg<0>>.
    Summary:
	inferred  32 D-type flip-flop(s).
Unit <RegMemoria> synthesized.

Synthesizing Unit <Mux_Sel_Dat>.
    Related source file is "D:\FPGA\P4-TD\Proyecto4\Mux_Sel_Dat.v".
    Summary:
	no macro.
Unit <Mux_Sel_Dat> synthesized.

=========================================================================
HDL Synthesis Report

Found no macro
=========================================================================

=========================================================================
*                       Advanced HDL Synthesis                          *
=========================================================================


=========================================================================
Advanced HDL Synthesis Report

Found no macro
=========================================================================

=========================================================================
*                         Low Level Synthesis                           *
=========================================================================

Optimizing unit <main> ...

Mapping all equations...
Building and optimizing final netlist ...
Found area constraint ratio of 100 (+ 5) on block main, actual ratio is 0.

Final Macro Processing ...

=========================================================================
Final Register Report

Found no macro
=========================================================================

=========================================================================
*                           Partition Report                            *
=========================================================================

Partition Implementation Status
-------------------------------

  No Partitions were found in this design.

-------------------------------

=========================================================================
*                            Design Summary                             *
=========================================================================

Top Level Output File Name         : main.ngc

Primitive and Black Box Usage:
------------------------------

Device utilization summary:
---------------------------

Selected Device : 6slx16csg324-3 


Slice Logic Utilization: 

Slice Logic Distribution: 
 Number of LUT Flip Flop pairs used:      0
   Number with an unused Flip Flop:       0  out of      0         
   Number with an unused LUT:             0  out of      0         
   Number of fully used LUT-FF pairs:     0  out of      0         
   Number of unique control sets:         0

IO Utilization: 
 Number of IOs:                           2
 Number of bonded IOBs:                   0  out of    232     0%  

Specific Feature Utilization:

---------------------------
Partition Resource Summary:
---------------------------

  No Partitions were found in this design.

---------------------------


=========================================================================
Timing Report

NOTE: THESE TIMING NUMBERS ARE ONLY A SYNTHESIS ESTIMATE.
      FOR ACCURATE TIMING INFORMATION PLEASE REFER TO THE TRACE REPORT
      GENERATED AFTER PLACE-and-ROUTE.

Clock Information:
------------------
No clock signals found in this design

Asynchronous Control Signals Information:
----------------------------------------
No asynchronous control signals found in this design

Timing Summary:
---------------
Speed Grade: -3

   Minimum period: No path found
   Minimum input arrival time before clock: No path found
   Maximum output required time after clock: No path found
   Maximum combinational path delay: No path found

Timing Details:
---------------
All values displayed in nanoseconds (ns)

=========================================================================

Cross Clock Domains Report:
--------------------------

=========================================================================


Total REAL time to Xst completion: 13.00 secs
Total CPU time to Xst completion: 13.41 secs
 
--> 

Total memory usage is 298996 kilobytes

Number of errors   :    0 (   0 filtered)
Number of warnings :   17 (   0 filtered)
Number of infos    :    0 (   0 filtered)

